// Jest Snapshot v1, https://goo.gl/fbAQLP

exports[`Body 1`] = `
.c0 {
  font-size: 14px;
  font-family: 'ALS Hauss',Helvetica,'Helvetica New',Arial,sans-serif;
  font-weight: 400;
  font-stretch: normal;
  font-style: normal;
  line-height: 22px;
  letter-spacing: normal;
  color: #2B2D33;
  font-feature-settings: normal;
  -webkit-font-smoothing: antialiased;
  height: 100%;
  position: relative;
  display: flex;
  flex-direction: column;
}

<div
  class="c0"
>
  Hello body!
</div>
`;
