// Jest Snapshot v1, https://goo.gl/fbAQLP

exports[`Avatar 1`] = `
<div
  class="Avatarstyles__Box-sc-1gv1068-0 kbavwE"
>
  <div
    class="Avatarstyles__ImageLayer-sc-1gv1068-1 caajho"
    src="data:image/svg;base64,PHN2ZyB4bWxucz0iaHR0cDovL3d3dy53My5vcmcvMjAwMC9zdmciIHZpZXdCb3g9IjAgMCAzODQuOTEyIDM4NC45MTIiPjxkZWZzLz48cGF0aCBmaWxsPSIjMDEwMDAyIiBkPSJNMzg0LjkxMiAxOTIuNDZDMzg0LjkxMiA4Ni4zNDIgMjk4LjU3OSAwIDE5Mi40NiAwIDg2LjMzNCAwIDAgODYuMzQyIDAgMTkyLjQ2YzAgNDcuNDQ3IDE3LjA4NiA5Mi4yMTEgNDguMjg0IDEyNy4zOTlsLS40OTYuMTcxIDkuMjY3IDkuMTY5IDMuNjAxIDMuNTYuMTMtLjA0OWMzNS44MjMgMzMuNjc3IDgyLjM1MSA1Mi4yMDIgMTMxLjY3NSA1Mi4yMDIgNDguOTk5IDAgOTUuMjQzLTE4LjQzNiAxMzAuOTg0LTUxLjc0NmwuMjYuMDg5IDMuNTkzLTMuNTM2IDkuMzQtOS4xNzctLjUwNC0uMTcxYzMxLjUyMS0zNS4yNTMgNDguNzc4LTgwLjE4OCA0OC43NzgtMTI3LjkxMXpNMTkyLjQ2IDM2OC42NzJjLTQyLjI3NyAwLTgyLjMzNC0xNC44MjctMTE0LjE5LTQyLjAxN2w4MC4wMDEtMjcuODMyLS41NDUtNi4yOTJjLS4wNDktLjYwMi0uMTMtMS4xODctLjIwMy0xLjc4OC0uMDU3LS4zOTgtLjEzOC0uODEzLS4xMzgtMS4yMTF2LTIwLjgzNGMxMC43MjIgNi40NDYgMjIuNTczIDEwLjEyIDM1LjA2NyAxMC4xMiAxMi41MDIgMCAyNC4zNDUtMy42NzQgMzUuMDY3LTEwLjEydjIwLjgzNGMwIC42MzQtLjEwNiAxLjI0NC0uMTc5IDEuODYxbC0uODcgOC4wNjQgNzkuNTk1IDI3LjY3Yy0zMS43NjYgMjYuODg5LTcxLjYyMSA0MS41NDUtMTEzLjYwNSA0MS41NDV6bS01MS4zMTUtMTM4LjMwOGMtMTEuMzIzLTE3LjUzMy0xOC4yODktNDAuNzg5LTE4LjI4OS02Ni4zNTQgMC01NC4zNDggMzEuMjIyLTk4LjU1OSA2OS42MDUtOTguNTU5czY5LjYwNSA0NC4yMTEgNjkuNjA1IDk4LjU1OWMwIDI1LjU1Ni02Ljk1OCA0OC43ODgtMTguMjY1IDY2LjMyMS00LjI1OSA2LjYwOS05LjEzNyAxMi4zOC0xNC41MTggMTcuMTU5LTEwLjY4OSA5LjQ5NC0yMy4yODggMTUuMDctMzYuODE0IDE1LjA3cy0yNi4xMjUtNS41ODQtMzYuODE0LTE1LjA3Yy01LjM5LTQuNzcxLTEwLjI1MS0xMC41MzQtMTQuNTEtMTcuMTI2em0xNzguMyA4NC4yMTJsLTc1LjY1My0yNi4zMnYtMzIuNDMzYzIwLjkwNy0yMC45NjQgMzQuNTIyLTU0LjI1OCAzNC41MjItOTEuODEyIDAtNjMuMzEzLTM4LjUxMy0xMTQuODE2LTg1Ljg2Mi0xMTQuODE2UzEwNi41OSAxMDAuNjk3IDEwNi41OSAxNjQuMDFjMCAzNy41NjIgMTMuNjIzIDcwLjg4MSAzNC41NDYgOTEuODM3djMxLjc0MmwtNzYuMTY1IDI2LjQ5OWMtMzEuNDY2LTMyLjkyOS00OC43MjMtNzUuOTIxLTQ4LjcyMy0xMjEuNjIgMC05Ny4xNjEgNzkuMDUtMTc2LjIwMyAxNzYuMjAzLTE3Ni4yMDNzMTc2LjE5NSA3OS4wNDIgMTc2LjE5NSAxNzYuMjAzYy4wMDkgNDUuOTUxLTE3LjQxOCA4OS4wOTgtNDkuMjAxIDEyMi4xMDh6Ii8+PC9zdmc+"
  />
</div>
`;

exports[`Avatar w/ align: center 1`] = `
<div
  class="Avatarstyles__Box-sc-1gv1068-0 kbavwE"
>
  M
  <div
    class="Avatarstyles__ImageLayer-sc-1gv1068-1 caajho"
    src="data:image/svg;base64,PHN2ZyB4bWxucz0iaHR0cDovL3d3dy53My5vcmcvMjAwMC9zdmciIHZpZXdCb3g9IjAgMCAzODQuOTEyIDM4NC45MTIiPjxkZWZzLz48cGF0aCBmaWxsPSIjMDEwMDAyIiBkPSJNMzg0LjkxMiAxOTIuNDZDMzg0LjkxMiA4Ni4zNDIgMjk4LjU3OSAwIDE5Mi40NiAwIDg2LjMzNCAwIDAgODYuMzQyIDAgMTkyLjQ2YzAgNDcuNDQ3IDE3LjA4NiA5Mi4yMTEgNDguMjg0IDEyNy4zOTlsLS40OTYuMTcxIDkuMjY3IDkuMTY5IDMuNjAxIDMuNTYuMTMtLjA0OWMzNS44MjMgMzMuNjc3IDgyLjM1MSA1Mi4yMDIgMTMxLjY3NSA1Mi4yMDIgNDguOTk5IDAgOTUuMjQzLTE4LjQzNiAxMzAuOTg0LTUxLjc0NmwuMjYuMDg5IDMuNTkzLTMuNTM2IDkuMzQtOS4xNzctLjUwNC0uMTcxYzMxLjUyMS0zNS4yNTMgNDguNzc4LTgwLjE4OCA0OC43NzgtMTI3LjkxMXpNMTkyLjQ2IDM2OC42NzJjLTQyLjI3NyAwLTgyLjMzNC0xNC44MjctMTE0LjE5LTQyLjAxN2w4MC4wMDEtMjcuODMyLS41NDUtNi4yOTJjLS4wNDktLjYwMi0uMTMtMS4xODctLjIwMy0xLjc4OC0uMDU3LS4zOTgtLjEzOC0uODEzLS4xMzgtMS4yMTF2LTIwLjgzNGMxMC43MjIgNi40NDYgMjIuNTczIDEwLjEyIDM1LjA2NyAxMC4xMiAxMi41MDIgMCAyNC4zNDUtMy42NzQgMzUuMDY3LTEwLjEydjIwLjgzNGMwIC42MzQtLjEwNiAxLjI0NC0uMTc5IDEuODYxbC0uODcgOC4wNjQgNzkuNTk1IDI3LjY3Yy0zMS43NjYgMjYuODg5LTcxLjYyMSA0MS41NDUtMTEzLjYwNSA0MS41NDV6bS01MS4zMTUtMTM4LjMwOGMtMTEuMzIzLTE3LjUzMy0xOC4yODktNDAuNzg5LTE4LjI4OS02Ni4zNTQgMC01NC4zNDggMzEuMjIyLTk4LjU1OSA2OS42MDUtOTguNTU5czY5LjYwNSA0NC4yMTEgNjkuNjA1IDk4LjU1OWMwIDI1LjU1Ni02Ljk1OCA0OC43ODgtMTguMjY1IDY2LjMyMS00LjI1OSA2LjYwOS05LjEzNyAxMi4zOC0xNC41MTggMTcuMTU5LTEwLjY4OSA5LjQ5NC0yMy4yODggMTUuMDctMzYuODE0IDE1LjA3cy0yNi4xMjUtNS41ODQtMzYuODE0LTE1LjA3Yy01LjM5LTQuNzcxLTEwLjI1MS0xMC41MzQtMTQuNTEtMTcuMTI2em0xNzguMyA4NC4yMTJsLTc1LjY1My0yNi4zMnYtMzIuNDMzYzIwLjkwNy0yMC45NjQgMzQuNTIyLTU0LjI1OCAzNC41MjItOTEuODEyIDAtNjMuMzEzLTM4LjUxMy0xMTQuODE2LTg1Ljg2Mi0xMTQuODE2UzEwNi41OSAxMDAuNjk3IDEwNi41OSAxNjQuMDFjMCAzNy41NjIgMTMuNjIzIDcwLjg4MSAzNC41NDYgOTEuODM3djMxLjc0MmwtNzYuMTY1IDI2LjQ5OWMtMzEuNDY2LTMyLjkyOS00OC43MjMtNzUuOTIxLTQ4LjcyMy0xMjEuNjIgMC05Ny4xNjEgNzkuMDUtMTc2LjIwMyAxNzYuMjAzLTE3Ni4yMDNzMTc2LjE5NSA3OS4wNDIgMTc2LjE5NSAxNzYuMjAzYy4wMDkgNDUuOTUxLTE3LjQxOCA4OS4wOTgtNDkuMjAxIDEyMi4xMDh6Ii8+PC9zdmc+"
  />
</div>
`;

exports[`Avatar w/ align: left 1`] = `
<div
  class="Avatarstyles__Box-sc-1gv1068-0 kbavwE"
>
  M
  <div
    class="Avatarstyles__ImageLayer-sc-1gv1068-1 bFZMph"
    src="data:image/svg;base64,PHN2ZyB4bWxucz0iaHR0cDovL3d3dy53My5vcmcvMjAwMC9zdmciIHZpZXdCb3g9IjAgMCAzODQuOTEyIDM4NC45MTIiPjxkZWZzLz48cGF0aCBmaWxsPSIjMDEwMDAyIiBkPSJNMzg0LjkxMiAxOTIuNDZDMzg0LjkxMiA4Ni4zNDIgMjk4LjU3OSAwIDE5Mi40NiAwIDg2LjMzNCAwIDAgODYuMzQyIDAgMTkyLjQ2YzAgNDcuNDQ3IDE3LjA4NiA5Mi4yMTEgNDguMjg0IDEyNy4zOTlsLS40OTYuMTcxIDkuMjY3IDkuMTY5IDMuNjAxIDMuNTYuMTMtLjA0OWMzNS44MjMgMzMuNjc3IDgyLjM1MSA1Mi4yMDIgMTMxLjY3NSA1Mi4yMDIgNDguOTk5IDAgOTUuMjQzLTE4LjQzNiAxMzAuOTg0LTUxLjc0NmwuMjYuMDg5IDMuNTkzLTMuNTM2IDkuMzQtOS4xNzctLjUwNC0uMTcxYzMxLjUyMS0zNS4yNTMgNDguNzc4LTgwLjE4OCA0OC43NzgtMTI3LjkxMXpNMTkyLjQ2IDM2OC42NzJjLTQyLjI3NyAwLTgyLjMzNC0xNC44MjctMTE0LjE5LTQyLjAxN2w4MC4wMDEtMjcuODMyLS41NDUtNi4yOTJjLS4wNDktLjYwMi0uMTMtMS4xODctLjIwMy0xLjc4OC0uMDU3LS4zOTgtLjEzOC0uODEzLS4xMzgtMS4yMTF2LTIwLjgzNGMxMC43MjIgNi40NDYgMjIuNTczIDEwLjEyIDM1LjA2NyAxMC4xMiAxMi41MDIgMCAyNC4zNDUtMy42NzQgMzUuMDY3LTEwLjEydjIwLjgzNGMwIC42MzQtLjEwNiAxLjI0NC0uMTc5IDEuODYxbC0uODcgOC4wNjQgNzkuNTk1IDI3LjY3Yy0zMS43NjYgMjYuODg5LTcxLjYyMSA0MS41NDUtMTEzLjYwNSA0MS41NDV6bS01MS4zMTUtMTM4LjMwOGMtMTEuMzIzLTE3LjUzMy0xOC4yODktNDAuNzg5LTE4LjI4OS02Ni4zNTQgMC01NC4zNDggMzEuMjIyLTk4LjU1OSA2OS42MDUtOTguNTU5czY5LjYwNSA0NC4yMTEgNjkuNjA1IDk4LjU1OWMwIDI1LjU1Ni02Ljk1OCA0OC43ODgtMTguMjY1IDY2LjMyMS00LjI1OSA2LjYwOS05LjEzNyAxMi4zOC0xNC41MTggMTcuMTU5LTEwLjY4OSA5LjQ5NC0yMy4yODggMTUuMDctMzYuODE0IDE1LjA3cy0yNi4xMjUtNS41ODQtMzYuODE0LTE1LjA3Yy01LjM5LTQuNzcxLTEwLjI1MS0xMC41MzQtMTQuNTEtMTcuMTI2em0xNzguMyA4NC4yMTJsLTc1LjY1My0yNi4zMnYtMzIuNDMzYzIwLjkwNy0yMC45NjQgMzQuNTIyLTU0LjI1OCAzNC41MjItOTEuODEyIDAtNjMuMzEzLTM4LjUxMy0xMTQuODE2LTg1Ljg2Mi0xMTQuODE2UzEwNi41OSAxMDAuNjk3IDEwNi41OSAxNjQuMDFjMCAzNy41NjIgMTMuNjIzIDcwLjg4MSAzNC41NDYgOTEuODM3djMxLjc0MmwtNzYuMTY1IDI2LjQ5OWMtMzEuNDY2LTMyLjkyOS00OC43MjMtNzUuOTIxLTQ4LjcyMy0xMjEuNjIgMC05Ny4xNjEgNzkuMDUtMTc2LjIwMyAxNzYuMjAzLTE3Ni4yMDNzMTc2LjE5NSA3OS4wNDIgMTc2LjE5NSAxNzYuMjAzYy4wMDkgNDUuOTUxLTE3LjQxOCA4OS4wOTgtNDkuMjAxIDEyMi4xMDh6Ii8+PC9zdmc+"
  />
</div>
`;

exports[`Avatar w/ align: right 1`] = `
<div
  class="Avatarstyles__Box-sc-1gv1068-0 kbavwE"
>
  M
  <div
    class="Avatarstyles__ImageLayer-sc-1gv1068-1 dUfZHX"
    src="data:image/svg;base64,PHN2ZyB4bWxucz0iaHR0cDovL3d3dy53My5vcmcvMjAwMC9zdmciIHZpZXdCb3g9IjAgMCAzODQuOTEyIDM4NC45MTIiPjxkZWZzLz48cGF0aCBmaWxsPSIjMDEwMDAyIiBkPSJNMzg0LjkxMiAxOTIuNDZDMzg0LjkxMiA4Ni4zNDIgMjk4LjU3OSAwIDE5Mi40NiAwIDg2LjMzNCAwIDAgODYuMzQyIDAgMTkyLjQ2YzAgNDcuNDQ3IDE3LjA4NiA5Mi4yMTEgNDguMjg0IDEyNy4zOTlsLS40OTYuMTcxIDkuMjY3IDkuMTY5IDMuNjAxIDMuNTYuMTMtLjA0OWMzNS44MjMgMzMuNjc3IDgyLjM1MSA1Mi4yMDIgMTMxLjY3NSA1Mi4yMDIgNDguOTk5IDAgOTUuMjQzLTE4LjQzNiAxMzAuOTg0LTUxLjc0NmwuMjYuMDg5IDMuNTkzLTMuNTM2IDkuMzQtOS4xNzctLjUwNC0uMTcxYzMxLjUyMS0zNS4yNTMgNDguNzc4LTgwLjE4OCA0OC43NzgtMTI3LjkxMXpNMTkyLjQ2IDM2OC42NzJjLTQyLjI3NyAwLTgyLjMzNC0xNC44MjctMTE0LjE5LTQyLjAxN2w4MC4wMDEtMjcuODMyLS41NDUtNi4yOTJjLS4wNDktLjYwMi0uMTMtMS4xODctLjIwMy0xLjc4OC0uMDU3LS4zOTgtLjEzOC0uODEzLS4xMzgtMS4yMTF2LTIwLjgzNGMxMC43MjIgNi40NDYgMjIuNTczIDEwLjEyIDM1LjA2NyAxMC4xMiAxMi41MDIgMCAyNC4zNDUtMy42NzQgMzUuMDY3LTEwLjEydjIwLjgzNGMwIC42MzQtLjEwNiAxLjI0NC0uMTc5IDEuODYxbC0uODcgOC4wNjQgNzkuNTk1IDI3LjY3Yy0zMS43NjYgMjYuODg5LTcxLjYyMSA0MS41NDUtMTEzLjYwNSA0MS41NDV6bS01MS4zMTUtMTM4LjMwOGMtMTEuMzIzLTE3LjUzMy0xOC4yODktNDAuNzg5LTE4LjI4OS02Ni4zNTQgMC01NC4zNDggMzEuMjIyLTk4LjU1OSA2OS42MDUtOTguNTU5czY5LjYwNSA0NC4yMTEgNjkuNjA1IDk4LjU1OWMwIDI1LjU1Ni02Ljk1OCA0OC43ODgtMTguMjY1IDY2LjMyMS00LjI1OSA2LjYwOS05LjEzNyAxMi4zOC0xNC41MTggMTcuMTU5LTEwLjY4OSA5LjQ5NC0yMy4yODggMTUuMDctMzYuODE0IDE1LjA3cy0yNi4xMjUtNS41ODQtMzYuODE0LTE1LjA3Yy01LjM5LTQuNzcxLTEwLjI1MS0xMC41MzQtMTQuNTEtMTcuMTI2em0xNzguMyA4NC4yMTJsLTc1LjY1My0yNi4zMnYtMzIuNDMzYzIwLjkwNy0yMC45NjQgMzQuNTIyLTU0LjI1OCAzNC41MjItOTEuODEyIDAtNjMuMzEzLTM4LjUxMy0xMTQuODE2LTg1Ljg2Mi0xMTQuODE2UzEwNi41OSAxMDAuNjk3IDEwNi41OSAxNjQuMDFjMCAzNy41NjIgMTMuNjIzIDcwLjg4MSAzNC41NDYgOTEuODM3djMxLjc0MmwtNzYuMTY1IDI2LjQ5OWMtMzEuNDY2LTMyLjkyOS00OC43MjMtNzUuOTIxLTQ4LjcyMy0xMjEuNjIgMC05Ny4xNjEgNzkuMDUtMTc2LjIwMyAxNzYuMjAzLTE3Ni4yMDNzMTc2LjE5NSA3OS4wNDIgMTc2LjE5NSAxNzYuMjAzYy4wMDkgNDUuOTUxLTE3LjQxOCA4OS4wOTgtNDkuMjAxIDEyMi4xMDh6Ii8+PC9zdmc+"
  />
</div>
`;

exports[`Avatar w/ any props 1`] = `
<div
  class="Avatarstyles__Box-sc-1gv1068-0 kbavwE className"
  id="id"
  title="title"
>
  M
  <div
    class="Avatarstyles__ImageLayer-sc-1gv1068-1 caajho"
    src="data:image/svg;base64,PHN2ZyB4bWxucz0iaHR0cDovL3d3dy53My5vcmcvMjAwMC9zdmciIHZpZXdCb3g9IjAgMCAzODQuOTEyIDM4NC45MTIiPjxkZWZzLz48cGF0aCBmaWxsPSIjMDEwMDAyIiBkPSJNMzg0LjkxMiAxOTIuNDZDMzg0LjkxMiA4Ni4zNDIgMjk4LjU3OSAwIDE5Mi40NiAwIDg2LjMzNCAwIDAgODYuMzQyIDAgMTkyLjQ2YzAgNDcuNDQ3IDE3LjA4NiA5Mi4yMTEgNDguMjg0IDEyNy4zOTlsLS40OTYuMTcxIDkuMjY3IDkuMTY5IDMuNjAxIDMuNTYuMTMtLjA0OWMzNS44MjMgMzMuNjc3IDgyLjM1MSA1Mi4yMDIgMTMxLjY3NSA1Mi4yMDIgNDguOTk5IDAgOTUuMjQzLTE4LjQzNiAxMzAuOTg0LTUxLjc0NmwuMjYuMDg5IDMuNTkzLTMuNTM2IDkuMzQtOS4xNzctLjUwNC0uMTcxYzMxLjUyMS0zNS4yNTMgNDguNzc4LTgwLjE4OCA0OC43NzgtMTI3LjkxMXpNMTkyLjQ2IDM2OC42NzJjLTQyLjI3NyAwLTgyLjMzNC0xNC44MjctMTE0LjE5LTQyLjAxN2w4MC4wMDEtMjcuODMyLS41NDUtNi4yOTJjLS4wNDktLjYwMi0uMTMtMS4xODctLjIwMy0xLjc4OC0uMDU3LS4zOTgtLjEzOC0uODEzLS4xMzgtMS4yMTF2LTIwLjgzNGMxMC43MjIgNi40NDYgMjIuNTczIDEwLjEyIDM1LjA2NyAxMC4xMiAxMi41MDIgMCAyNC4zNDUtMy42NzQgMzUuMDY3LTEwLjEydjIwLjgzNGMwIC42MzQtLjEwNiAxLjI0NC0uMTc5IDEuODYxbC0uODcgOC4wNjQgNzkuNTk1IDI3LjY3Yy0zMS43NjYgMjYuODg5LTcxLjYyMSA0MS41NDUtMTEzLjYwNSA0MS41NDV6bS01MS4zMTUtMTM4LjMwOGMtMTEuMzIzLTE3LjUzMy0xOC4yODktNDAuNzg5LTE4LjI4OS02Ni4zNTQgMC01NC4zNDggMzEuMjIyLTk4LjU1OSA2OS42MDUtOTguNTU5czY5LjYwNSA0NC4yMTEgNjkuNjA1IDk4LjU1OWMwIDI1LjU1Ni02Ljk1OCA0OC43ODgtMTguMjY1IDY2LjMyMS00LjI1OSA2LjYwOS05LjEzNyAxMi4zOC0xNC41MTggMTcuMTU5LTEwLjY4OSA5LjQ5NC0yMy4yODggMTUuMDctMzYuODE0IDE1LjA3cy0yNi4xMjUtNS41ODQtMzYuODE0LTE1LjA3Yy01LjM5LTQuNzcxLTEwLjI1MS0xMC41MzQtMTQuNTEtMTcuMTI2em0xNzguMyA4NC4yMTJsLTc1LjY1My0yNi4zMnYtMzIuNDMzYzIwLjkwNy0yMC45NjQgMzQuNTIyLTU0LjI1OCAzNC41MjItOTEuODEyIDAtNjMuMzEzLTM4LjUxMy0xMTQuODE2LTg1Ljg2Mi0xMTQuODE2UzEwNi41OSAxMDAuNjk3IDEwNi41OSAxNjQuMDFjMCAzNy41NjIgMTMuNjIzIDcwLjg4MSAzNC41NDYgOTEuODM3djMxLjc0MmwtNzYuMTY1IDI2LjQ5OWMtMzEuNDY2LTMyLjkyOS00OC43MjMtNzUuOTIxLTQ4LjcyMy0xMjEuNjIgMC05Ny4xNjEgNzkuMDUtMTc2LjIwMyAxNzYuMjAzLTE3Ni4yMDNzMTc2LjE5NSA3OS4wNDIgMTc2LjE5NSAxNzYuMjAzYy4wMDkgNDUuOTUxLTE3LjQxOCA4OS4wOTgtNDkuMjAxIDEyMi4xMDh6Ii8+PC9zdmc+"
  />
</div>
`;

exports[`Avatar w/ fallback 1`] = `
<div
  class="Avatarstyles__Box-sc-1gv1068-0 kbavwE"
>
  F
  <div
    class="Avatarstyles__ImageLayer-sc-1gv1068-1 caajho"
    src="data:image/svg;base64,PHN2ZyB4bWxucz0iaHR0cDovL3d3dy53My5vcmcvMjAwMC9zdmciIHZpZXdCb3g9IjAgMCAzODQuOTEyIDM4NC45MTIiPjxkZWZzLz48cGF0aCBmaWxsPSIjMDEwMDAyIiBkPSJNMzg0LjkxMiAxOTIuNDZDMzg0LjkxMiA4Ni4zNDIgMjk4LjU3OSAwIDE5Mi40NiAwIDg2LjMzNCAwIDAgODYuMzQyIDAgMTkyLjQ2YzAgNDcuNDQ3IDE3LjA4NiA5Mi4yMTEgNDguMjg0IDEyNy4zOTlsLS40OTYuMTcxIDkuMjY3IDkuMTY5IDMuNjAxIDMuNTYuMTMtLjA0OWMzNS44MjMgMzMuNjc3IDgyLjM1MSA1Mi4yMDIgMTMxLjY3NSA1Mi4yMDIgNDguOTk5IDAgOTUuMjQzLTE4LjQzNiAxMzAuOTg0LTUxLjc0NmwuMjYuMDg5IDMuNTkzLTMuNTM2IDkuMzQtOS4xNzctLjUwNC0uMTcxYzMxLjUyMS0zNS4yNTMgNDguNzc4LTgwLjE4OCA0OC43NzgtMTI3LjkxMXpNMTkyLjQ2IDM2OC42NzJjLTQyLjI3NyAwLTgyLjMzNC0xNC44MjctMTE0LjE5LTQyLjAxN2w4MC4wMDEtMjcuODMyLS41NDUtNi4yOTJjLS4wNDktLjYwMi0uMTMtMS4xODctLjIwMy0xLjc4OC0uMDU3LS4zOTgtLjEzOC0uODEzLS4xMzgtMS4yMTF2LTIwLjgzNGMxMC43MjIgNi40NDYgMjIuNTczIDEwLjEyIDM1LjA2NyAxMC4xMiAxMi41MDIgMCAyNC4zNDUtMy42NzQgMzUuMDY3LTEwLjEydjIwLjgzNGMwIC42MzQtLjEwNiAxLjI0NC0uMTc5IDEuODYxbC0uODcgOC4wNjQgNzkuNTk1IDI3LjY3Yy0zMS43NjYgMjYuODg5LTcxLjYyMSA0MS41NDUtMTEzLjYwNSA0MS41NDV6bS01MS4zMTUtMTM4LjMwOGMtMTEuMzIzLTE3LjUzMy0xOC4yODktNDAuNzg5LTE4LjI4OS02Ni4zNTQgMC01NC4zNDggMzEuMjIyLTk4LjU1OSA2OS42MDUtOTguNTU5czY5LjYwNSA0NC4yMTEgNjkuNjA1IDk4LjU1OWMwIDI1LjU1Ni02Ljk1OCA0OC43ODgtMTguMjY1IDY2LjMyMS00LjI1OSA2LjYwOS05LjEzNyAxMi4zOC0xNC41MTggMTcuMTU5LTEwLjY4OSA5LjQ5NC0yMy4yODggMTUuMDctMzYuODE0IDE1LjA3cy0yNi4xMjUtNS41ODQtMzYuODE0LTE1LjA3Yy01LjM5LTQuNzcxLTEwLjI1MS0xMC41MzQtMTQuNTEtMTcuMTI2em0xNzguMyA4NC4yMTJsLTc1LjY1My0yNi4zMnYtMzIuNDMzYzIwLjkwNy0yMC45NjQgMzQuNTIyLTU0LjI1OCAzNC41MjItOTEuODEyIDAtNjMuMzEzLTM4LjUxMy0xMTQuODE2LTg1Ljg2Mi0xMTQuODE2UzEwNi41OSAxMDAuNjk3IDEwNi41OSAxNjQuMDFjMCAzNy41NjIgMTMuNjIzIDcwLjg4MSAzNC41NDYgOTEuODM3djMxLjc0MmwtNzYuMTY1IDI2LjQ5OWMtMzEuNDY2LTMyLjkyOS00OC43MjMtNzUuOTIxLTQ4LjcyMy0xMjEuNjIgMC05Ny4xNjEgNzkuMDUtMTc2LjIwMyAxNzYuMjAzLTE3Ni4yMDNzMTc2LjE5NSA3OS4wNDIgMTc2LjE5NSAxNzYuMjAzYy4wMDkgNDUuOTUxLTE3LjQxOCA4OS4wOTgtNDkuMjAxIDEyMi4xMDh6Ii8+PC9zdmc+"
  />
</div>
`;

exports[`Avatar w/ size: l 1`] = `
<div
  class="Avatarstyles__Box-sc-1gv1068-0 juGJhA"
>
  M
  <div
    class="Avatarstyles__ImageLayer-sc-1gv1068-1 caajho"
    src="data:image/svg;base64,PHN2ZyB4bWxucz0iaHR0cDovL3d3dy53My5vcmcvMjAwMC9zdmciIHZpZXdCb3g9IjAgMCAzODQuOTEyIDM4NC45MTIiPjxkZWZzLz48cGF0aCBmaWxsPSIjMDEwMDAyIiBkPSJNMzg0LjkxMiAxOTIuNDZDMzg0LjkxMiA4Ni4zNDIgMjk4LjU3OSAwIDE5Mi40NiAwIDg2LjMzNCAwIDAgODYuMzQyIDAgMTkyLjQ2YzAgNDcuNDQ3IDE3LjA4NiA5Mi4yMTEgNDguMjg0IDEyNy4zOTlsLS40OTYuMTcxIDkuMjY3IDkuMTY5IDMuNjAxIDMuNTYuMTMtLjA0OWMzNS44MjMgMzMuNjc3IDgyLjM1MSA1Mi4yMDIgMTMxLjY3NSA1Mi4yMDIgNDguOTk5IDAgOTUuMjQzLTE4LjQzNiAxMzAuOTg0LTUxLjc0NmwuMjYuMDg5IDMuNTkzLTMuNTM2IDkuMzQtOS4xNzctLjUwNC0uMTcxYzMxLjUyMS0zNS4yNTMgNDguNzc4LTgwLjE4OCA0OC43NzgtMTI3LjkxMXpNMTkyLjQ2IDM2OC42NzJjLTQyLjI3NyAwLTgyLjMzNC0xNC44MjctMTE0LjE5LTQyLjAxN2w4MC4wMDEtMjcuODMyLS41NDUtNi4yOTJjLS4wNDktLjYwMi0uMTMtMS4xODctLjIwMy0xLjc4OC0uMDU3LS4zOTgtLjEzOC0uODEzLS4xMzgtMS4yMTF2LTIwLjgzNGMxMC43MjIgNi40NDYgMjIuNTczIDEwLjEyIDM1LjA2NyAxMC4xMiAxMi41MDIgMCAyNC4zNDUtMy42NzQgMzUuMDY3LTEwLjEydjIwLjgzNGMwIC42MzQtLjEwNiAxLjI0NC0uMTc5IDEuODYxbC0uODcgOC4wNjQgNzkuNTk1IDI3LjY3Yy0zMS43NjYgMjYuODg5LTcxLjYyMSA0MS41NDUtMTEzLjYwNSA0MS41NDV6bS01MS4zMTUtMTM4LjMwOGMtMTEuMzIzLTE3LjUzMy0xOC4yODktNDAuNzg5LTE4LjI4OS02Ni4zNTQgMC01NC4zNDggMzEuMjIyLTk4LjU1OSA2OS42MDUtOTguNTU5czY5LjYwNSA0NC4yMTEgNjkuNjA1IDk4LjU1OWMwIDI1LjU1Ni02Ljk1OCA0OC43ODgtMTguMjY1IDY2LjMyMS00LjI1OSA2LjYwOS05LjEzNyAxMi4zOC0xNC41MTggMTcuMTU5LTEwLjY4OSA5LjQ5NC0yMy4yODggMTUuMDctMzYuODE0IDE1LjA3cy0yNi4xMjUtNS41ODQtMzYuODE0LTE1LjA3Yy01LjM5LTQuNzcxLTEwLjI1MS0xMC41MzQtMTQuNTEtMTcuMTI2em0xNzguMyA4NC4yMTJsLTc1LjY1My0yNi4zMnYtMzIuNDMzYzIwLjkwNy0yMC45NjQgMzQuNTIyLTU0LjI1OCAzNC41MjItOTEuODEyIDAtNjMuMzEzLTM4LjUxMy0xMTQuODE2LTg1Ljg2Mi0xMTQuODE2UzEwNi41OSAxMDAuNjk3IDEwNi41OSAxNjQuMDFjMCAzNy41NjIgMTMuNjIzIDcwLjg4MSAzNC41NDYgOTEuODM3djMxLjc0MmwtNzYuMTY1IDI2LjQ5OWMtMzEuNDY2LTMyLjkyOS00OC43MjMtNzUuOTIxLTQ4LjcyMy0xMjEuNjIgMC05Ny4xNjEgNzkuMDUtMTc2LjIwMyAxNzYuMjAzLTE3Ni4yMDNzMTc2LjE5NSA3OS4wNDIgMTc2LjE5NSAxNzYuMjAzYy4wMDkgNDUuOTUxLTE3LjQxOCA4OS4wOTgtNDkuMjAxIDEyMi4xMDh6Ii8+PC9zdmc+"
  />
</div>
`;

exports[`Avatar w/ size: m 1`] = `
<div
  class="Avatarstyles__Box-sc-1gv1068-0 kbavwE"
>
  M
  <div
    class="Avatarstyles__ImageLayer-sc-1gv1068-1 caajho"
    src="data:image/svg;base64,PHN2ZyB4bWxucz0iaHR0cDovL3d3dy53My5vcmcvMjAwMC9zdmciIHZpZXdCb3g9IjAgMCAzODQuOTEyIDM4NC45MTIiPjxkZWZzLz48cGF0aCBmaWxsPSIjMDEwMDAyIiBkPSJNMzg0LjkxMiAxOTIuNDZDMzg0LjkxMiA4Ni4zNDIgMjk4LjU3OSAwIDE5Mi40NiAwIDg2LjMzNCAwIDAgODYuMzQyIDAgMTkyLjQ2YzAgNDcuNDQ3IDE3LjA4NiA5Mi4yMTEgNDguMjg0IDEyNy4zOTlsLS40OTYuMTcxIDkuMjY3IDkuMTY5IDMuNjAxIDMuNTYuMTMtLjA0OWMzNS44MjMgMzMuNjc3IDgyLjM1MSA1Mi4yMDIgMTMxLjY3NSA1Mi4yMDIgNDguOTk5IDAgOTUuMjQzLTE4LjQzNiAxMzAuOTg0LTUxLjc0NmwuMjYuMDg5IDMuNTkzLTMuNTM2IDkuMzQtOS4xNzctLjUwNC0uMTcxYzMxLjUyMS0zNS4yNTMgNDguNzc4LTgwLjE4OCA0OC43NzgtMTI3LjkxMXpNMTkyLjQ2IDM2OC42NzJjLTQyLjI3NyAwLTgyLjMzNC0xNC44MjctMTE0LjE5LTQyLjAxN2w4MC4wMDEtMjcuODMyLS41NDUtNi4yOTJjLS4wNDktLjYwMi0uMTMtMS4xODctLjIwMy0xLjc4OC0uMDU3LS4zOTgtLjEzOC0uODEzLS4xMzgtMS4yMTF2LTIwLjgzNGMxMC43MjIgNi40NDYgMjIuNTczIDEwLjEyIDM1LjA2NyAxMC4xMiAxMi41MDIgMCAyNC4zNDUtMy42NzQgMzUuMDY3LTEwLjEydjIwLjgzNGMwIC42MzQtLjEwNiAxLjI0NC0uMTc5IDEuODYxbC0uODcgOC4wNjQgNzkuNTk1IDI3LjY3Yy0zMS43NjYgMjYuODg5LTcxLjYyMSA0MS41NDUtMTEzLjYwNSA0MS41NDV6bS01MS4zMTUtMTM4LjMwOGMtMTEuMzIzLTE3LjUzMy0xOC4yODktNDAuNzg5LTE4LjI4OS02Ni4zNTQgMC01NC4zNDggMzEuMjIyLTk4LjU1OSA2OS42MDUtOTguNTU5czY5LjYwNSA0NC4yMTEgNjkuNjA1IDk4LjU1OWMwIDI1LjU1Ni02Ljk1OCA0OC43ODgtMTguMjY1IDY2LjMyMS00LjI1OSA2LjYwOS05LjEzNyAxMi4zOC0xNC41MTggMTcuMTU5LTEwLjY4OSA5LjQ5NC0yMy4yODggMTUuMDctMzYuODE0IDE1LjA3cy0yNi4xMjUtNS41ODQtMzYuODE0LTE1LjA3Yy01LjM5LTQuNzcxLTEwLjI1MS0xMC41MzQtMTQuNTEtMTcuMTI2em0xNzguMyA4NC4yMTJsLTc1LjY1My0yNi4zMnYtMzIuNDMzYzIwLjkwNy0yMC45NjQgMzQuNTIyLTU0LjI1OCAzNC41MjItOTEuODEyIDAtNjMuMzEzLTM4LjUxMy0xMTQuODE2LTg1Ljg2Mi0xMTQuODE2UzEwNi41OSAxMDAuNjk3IDEwNi41OSAxNjQuMDFjMCAzNy41NjIgMTMuNjIzIDcwLjg4MSAzNC41NDYgOTEuODM3djMxLjc0MmwtNzYuMTY1IDI2LjQ5OWMtMzEuNDY2LTMyLjkyOS00OC43MjMtNzUuOTIxLTQ4LjcyMy0xMjEuNjIgMC05Ny4xNjEgNzkuMDUtMTc2LjIwMyAxNzYuMjAzLTE3Ni4yMDNzMTc2LjE5NSA3OS4wNDIgMTc2LjE5NSAxNzYuMjAzYy4wMDkgNDUuOTUxLTE3LjQxOCA4OS4wOTgtNDkuMjAxIDEyMi4xMDh6Ii8+PC9zdmc+"
  />
</div>
`;

exports[`Avatar w/ size: s 1`] = `
<div
  class="Avatarstyles__Box-sc-1gv1068-0 jtHanR"
>
  M
  <div
    class="Avatarstyles__ImageLayer-sc-1gv1068-1 caajho"
    src="data:image/svg;base64,PHN2ZyB4bWxucz0iaHR0cDovL3d3dy53My5vcmcvMjAwMC9zdmciIHZpZXdCb3g9IjAgMCAzODQuOTEyIDM4NC45MTIiPjxkZWZzLz48cGF0aCBmaWxsPSIjMDEwMDAyIiBkPSJNMzg0LjkxMiAxOTIuNDZDMzg0LjkxMiA4Ni4zNDIgMjk4LjU3OSAwIDE5Mi40NiAwIDg2LjMzNCAwIDAgODYuMzQyIDAgMTkyLjQ2YzAgNDcuNDQ3IDE3LjA4NiA5Mi4yMTEgNDguMjg0IDEyNy4zOTlsLS40OTYuMTcxIDkuMjY3IDkuMTY5IDMuNjAxIDMuNTYuMTMtLjA0OWMzNS44MjMgMzMuNjc3IDgyLjM1MSA1Mi4yMDIgMTMxLjY3NSA1Mi4yMDIgNDguOTk5IDAgOTUuMjQzLTE4LjQzNiAxMzAuOTg0LTUxLjc0NmwuMjYuMDg5IDMuNTkzLTMuNTM2IDkuMzQtOS4xNzctLjUwNC0uMTcxYzMxLjUyMS0zNS4yNTMgNDguNzc4LTgwLjE4OCA0OC43NzgtMTI3LjkxMXpNMTkyLjQ2IDM2OC42NzJjLTQyLjI3NyAwLTgyLjMzNC0xNC44MjctMTE0LjE5LTQyLjAxN2w4MC4wMDEtMjcuODMyLS41NDUtNi4yOTJjLS4wNDktLjYwMi0uMTMtMS4xODctLjIwMy0xLjc4OC0uMDU3LS4zOTgtLjEzOC0uODEzLS4xMzgtMS4yMTF2LTIwLjgzNGMxMC43MjIgNi40NDYgMjIuNTczIDEwLjEyIDM1LjA2NyAxMC4xMiAxMi41MDIgMCAyNC4zNDUtMy42NzQgMzUuMDY3LTEwLjEydjIwLjgzNGMwIC42MzQtLjEwNiAxLjI0NC0uMTc5IDEuODYxbC0uODcgOC4wNjQgNzkuNTk1IDI3LjY3Yy0zMS43NjYgMjYuODg5LTcxLjYyMSA0MS41NDUtMTEzLjYwNSA0MS41NDV6bS01MS4zMTUtMTM4LjMwOGMtMTEuMzIzLTE3LjUzMy0xOC4yODktNDAuNzg5LTE4LjI4OS02Ni4zNTQgMC01NC4zNDggMzEuMjIyLTk4LjU1OSA2OS42MDUtOTguNTU5czY5LjYwNSA0NC4yMTEgNjkuNjA1IDk4LjU1OWMwIDI1LjU1Ni02Ljk1OCA0OC43ODgtMTguMjY1IDY2LjMyMS00LjI1OSA2LjYwOS05LjEzNyAxMi4zOC0xNC41MTggMTcuMTU5LTEwLjY4OSA5LjQ5NC0yMy4yODggMTUuMDctMzYuODE0IDE1LjA3cy0yNi4xMjUtNS41ODQtMzYuODE0LTE1LjA3Yy01LjM5LTQuNzcxLTEwLjI1MS0xMC41MzQtMTQuNTEtMTcuMTI2em0xNzguMyA4NC4yMTJsLTc1LjY1My0yNi4zMnYtMzIuNDMzYzIwLjkwNy0yMC45NjQgMzQuNTIyLTU0LjI1OCAzNC41MjItOTEuODEyIDAtNjMuMzEzLTM4LjUxMy0xMTQuODE2LTg1Ljg2Mi0xMTQuODE2UzEwNi41OSAxMDAuNjk3IDEwNi41OSAxNjQuMDFjMCAzNy41NjIgMTMuNjIzIDcwLjg4MSAzNC41NDYgOTEuODM3djMxLjc0MmwtNzYuMTY1IDI2LjQ5OWMtMzEuNDY2LTMyLjkyOS00OC43MjMtNzUuOTIxLTQ4LjcyMy0xMjEuNjIgMC05Ny4xNjEgNzkuMDUtMTc2LjIwMyAxNzYuMjAzLTE3Ni4yMDNzMTc2LjE5NSA3OS4wNDIgMTc2LjE5NSAxNzYuMjAzYy4wMDkgNDUuOTUxLTE3LjQxOCA4OS4wOTgtNDkuMjAxIDEyMi4xMDh6Ii8+PC9zdmc+"
  />
</div>
`;

exports[`Avatar w/ size: xl 1`] = `
<div
  class="Avatarstyles__Box-sc-1gv1068-0 dliQor"
>
  M
  <div
    class="Avatarstyles__ImageLayer-sc-1gv1068-1 caajho"
    src="data:image/svg;base64,PHN2ZyB4bWxucz0iaHR0cDovL3d3dy53My5vcmcvMjAwMC9zdmciIHZpZXdCb3g9IjAgMCAzODQuOTEyIDM4NC45MTIiPjxkZWZzLz48cGF0aCBmaWxsPSIjMDEwMDAyIiBkPSJNMzg0LjkxMiAxOTIuNDZDMzg0LjkxMiA4Ni4zNDIgMjk4LjU3OSAwIDE5Mi40NiAwIDg2LjMzNCAwIDAgODYuMzQyIDAgMTkyLjQ2YzAgNDcuNDQ3IDE3LjA4NiA5Mi4yMTEgNDguMjg0IDEyNy4zOTlsLS40OTYuMTcxIDkuMjY3IDkuMTY5IDMuNjAxIDMuNTYuMTMtLjA0OWMzNS44MjMgMzMuNjc3IDgyLjM1MSA1Mi4yMDIgMTMxLjY3NSA1Mi4yMDIgNDguOTk5IDAgOTUuMjQzLTE4LjQzNiAxMzAuOTg0LTUxLjc0NmwuMjYuMDg5IDMuNTkzLTMuNTM2IDkuMzQtOS4xNzctLjUwNC0uMTcxYzMxLjUyMS0zNS4yNTMgNDguNzc4LTgwLjE4OCA0OC43NzgtMTI3LjkxMXpNMTkyLjQ2IDM2OC42NzJjLTQyLjI3NyAwLTgyLjMzNC0xNC44MjctMTE0LjE5LTQyLjAxN2w4MC4wMDEtMjcuODMyLS41NDUtNi4yOTJjLS4wNDktLjYwMi0uMTMtMS4xODctLjIwMy0xLjc4OC0uMDU3LS4zOTgtLjEzOC0uODEzLS4xMzgtMS4yMTF2LTIwLjgzNGMxMC43MjIgNi40NDYgMjIuNTczIDEwLjEyIDM1LjA2NyAxMC4xMiAxMi41MDIgMCAyNC4zNDUtMy42NzQgMzUuMDY3LTEwLjEydjIwLjgzNGMwIC42MzQtLjEwNiAxLjI0NC0uMTc5IDEuODYxbC0uODcgOC4wNjQgNzkuNTk1IDI3LjY3Yy0zMS43NjYgMjYuODg5LTcxLjYyMSA0MS41NDUtMTEzLjYwNSA0MS41NDV6bS01MS4zMTUtMTM4LjMwOGMtMTEuMzIzLTE3LjUzMy0xOC4yODktNDAuNzg5LTE4LjI4OS02Ni4zNTQgMC01NC4zNDggMzEuMjIyLTk4LjU1OSA2OS42MDUtOTguNTU5czY5LjYwNSA0NC4yMTEgNjkuNjA1IDk4LjU1OWMwIDI1LjU1Ni02Ljk1OCA0OC43ODgtMTguMjY1IDY2LjMyMS00LjI1OSA2LjYwOS05LjEzNyAxMi4zOC0xNC41MTggMTcuMTU5LTEwLjY4OSA5LjQ5NC0yMy4yODggMTUuMDctMzYuODE0IDE1LjA3cy0yNi4xMjUtNS41ODQtMzYuODE0LTE1LjA3Yy01LjM5LTQuNzcxLTEwLjI1MS0xMC41MzQtMTQuNTEtMTcuMTI2em0xNzguMyA4NC4yMTJsLTc1LjY1My0yNi4zMnYtMzIuNDMzYzIwLjkwNy0yMC45NjQgMzQuNTIyLTU0LjI1OCAzNC41MjItOTEuODEyIDAtNjMuMzEzLTM4LjUxMy0xMTQuODE2LTg1Ljg2Mi0xMTQuODE2UzEwNi41OSAxMDAuNjk3IDEwNi41OSAxNjQuMDFjMCAzNy41NjIgMTMuNjIzIDcwLjg4MSAzNC41NDYgOTEuODM3djMxLjc0MmwtNzYuMTY1IDI2LjQ5OWMtMzEuNDY2LTMyLjkyOS00OC43MjMtNzUuOTIxLTQ4LjcyMy0xMjEuNjIgMC05Ny4xNjEgNzkuMDUtMTc2LjIwMyAxNzYuMjAzLTE3Ni4yMDNzMTc2LjE5NSA3OS4wNDIgMTc2LjE5NSAxNzYuMjAzYy4wMDkgNDUuOTUxLTE3LjQxOCA4OS4wOTgtNDkuMjAxIDEyMi4xMDh6Ii8+PC9zdmc+"
  />
</div>
`;

exports[`Avatar w/ size: xs 1`] = `
<div
  class="Avatarstyles__Box-sc-1gv1068-0 eaAtWs"
>
  M
  <div
    class="Avatarstyles__ImageLayer-sc-1gv1068-1 caajho"
    src="data:image/svg;base64,PHN2ZyB4bWxucz0iaHR0cDovL3d3dy53My5vcmcvMjAwMC9zdmciIHZpZXdCb3g9IjAgMCAzODQuOTEyIDM4NC45MTIiPjxkZWZzLz48cGF0aCBmaWxsPSIjMDEwMDAyIiBkPSJNMzg0LjkxMiAxOTIuNDZDMzg0LjkxMiA4Ni4zNDIgMjk4LjU3OSAwIDE5Mi40NiAwIDg2LjMzNCAwIDAgODYuMzQyIDAgMTkyLjQ2YzAgNDcuNDQ3IDE3LjA4NiA5Mi4yMTEgNDguMjg0IDEyNy4zOTlsLS40OTYuMTcxIDkuMjY3IDkuMTY5IDMuNjAxIDMuNTYuMTMtLjA0OWMzNS44MjMgMzMuNjc3IDgyLjM1MSA1Mi4yMDIgMTMxLjY3NSA1Mi4yMDIgNDguOTk5IDAgOTUuMjQzLTE4LjQzNiAxMzAuOTg0LTUxLjc0NmwuMjYuMDg5IDMuNTkzLTMuNTM2IDkuMzQtOS4xNzctLjUwNC0uMTcxYzMxLjUyMS0zNS4yNTMgNDguNzc4LTgwLjE4OCA0OC43NzgtMTI3LjkxMXpNMTkyLjQ2IDM2OC42NzJjLTQyLjI3NyAwLTgyLjMzNC0xNC44MjctMTE0LjE5LTQyLjAxN2w4MC4wMDEtMjcuODMyLS41NDUtNi4yOTJjLS4wNDktLjYwMi0uMTMtMS4xODctLjIwMy0xLjc4OC0uMDU3LS4zOTgtLjEzOC0uODEzLS4xMzgtMS4yMTF2LTIwLjgzNGMxMC43MjIgNi40NDYgMjIuNTczIDEwLjEyIDM1LjA2NyAxMC4xMiAxMi41MDIgMCAyNC4zNDUtMy42NzQgMzUuMDY3LTEwLjEydjIwLjgzNGMwIC42MzQtLjEwNiAxLjI0NC0uMTc5IDEuODYxbC0uODcgOC4wNjQgNzkuNTk1IDI3LjY3Yy0zMS43NjYgMjYuODg5LTcxLjYyMSA0MS41NDUtMTEzLjYwNSA0MS41NDV6bS01MS4zMTUtMTM4LjMwOGMtMTEuMzIzLTE3LjUzMy0xOC4yODktNDAuNzg5LTE4LjI4OS02Ni4zNTQgMC01NC4zNDggMzEuMjIyLTk4LjU1OSA2OS42MDUtOTguNTU5czY5LjYwNSA0NC4yMTEgNjkuNjA1IDk4LjU1OWMwIDI1LjU1Ni02Ljk1OCA0OC43ODgtMTguMjY1IDY2LjMyMS00LjI1OSA2LjYwOS05LjEzNyAxMi4zOC0xNC41MTggMTcuMTU5LTEwLjY4OSA5LjQ5NC0yMy4yODggMTUuMDctMzYuODE0IDE1LjA3cy0yNi4xMjUtNS41ODQtMzYuODE0LTE1LjA3Yy01LjM5LTQuNzcxLTEwLjI1MS0xMC41MzQtMTQuNTEtMTcuMTI2em0xNzguMyA4NC4yMTJsLTc1LjY1My0yNi4zMnYtMzIuNDMzYzIwLjkwNy0yMC45NjQgMzQuNTIyLTU0LjI1OCAzNC41MjItOTEuODEyIDAtNjMuMzEzLTM4LjUxMy0xMTQuODE2LTg1Ljg2Mi0xMTQuODE2UzEwNi41OSAxMDAuNjk3IDEwNi41OSAxNjQuMDFjMCAzNy41NjIgMTMuNjIzIDcwLjg4MSAzNC41NDYgOTEuODM3djMxLjc0MmwtNzYuMTY1IDI2LjQ5OWMtMzEuNDY2LTMyLjkyOS00OC43MjMtNzUuOTIxLTQ4LjcyMy0xMjEuNjIgMC05Ny4xNjEgNzkuMDUtMTc2LjIwMyAxNzYuMjAzLTE3Ni4yMDNzMTc2LjE5NSA3OS4wNDIgMTc2LjE5NSAxNzYuMjAzYy4wMDkgNDUuOTUxLTE3LjQxOCA4OS4wOTgtNDkuMjAxIDEyMi4xMDh6Ii8+PC9zdmc+"
  />
</div>
`;

exports[`Avatar w/ valign: bottom 1`] = `
<div
  class="Avatarstyles__Box-sc-1gv1068-0 kbavwE"
>
  M
  <div
    class="Avatarstyles__ImageLayer-sc-1gv1068-1 huFCCZ"
    src="data:image/svg;base64,PHN2ZyB4bWxucz0iaHR0cDovL3d3dy53My5vcmcvMjAwMC9zdmciIHZpZXdCb3g9IjAgMCAzODQuOTEyIDM4NC45MTIiPjxkZWZzLz48cGF0aCBmaWxsPSIjMDEwMDAyIiBkPSJNMzg0LjkxMiAxOTIuNDZDMzg0LjkxMiA4Ni4zNDIgMjk4LjU3OSAwIDE5Mi40NiAwIDg2LjMzNCAwIDAgODYuMzQyIDAgMTkyLjQ2YzAgNDcuNDQ3IDE3LjA4NiA5Mi4yMTEgNDguMjg0IDEyNy4zOTlsLS40OTYuMTcxIDkuMjY3IDkuMTY5IDMuNjAxIDMuNTYuMTMtLjA0OWMzNS44MjMgMzMuNjc3IDgyLjM1MSA1Mi4yMDIgMTMxLjY3NSA1Mi4yMDIgNDguOTk5IDAgOTUuMjQzLTE4LjQzNiAxMzAuOTg0LTUxLjc0NmwuMjYuMDg5IDMuNTkzLTMuNTM2IDkuMzQtOS4xNzctLjUwNC0uMTcxYzMxLjUyMS0zNS4yNTMgNDguNzc4LTgwLjE4OCA0OC43NzgtMTI3LjkxMXpNMTkyLjQ2IDM2OC42NzJjLTQyLjI3NyAwLTgyLjMzNC0xNC44MjctMTE0LjE5LTQyLjAxN2w4MC4wMDEtMjcuODMyLS41NDUtNi4yOTJjLS4wNDktLjYwMi0uMTMtMS4xODctLjIwMy0xLjc4OC0uMDU3LS4zOTgtLjEzOC0uODEzLS4xMzgtMS4yMTF2LTIwLjgzNGMxMC43MjIgNi40NDYgMjIuNTczIDEwLjEyIDM1LjA2NyAxMC4xMiAxMi41MDIgMCAyNC4zNDUtMy42NzQgMzUuMDY3LTEwLjEydjIwLjgzNGMwIC42MzQtLjEwNiAxLjI0NC0uMTc5IDEuODYxbC0uODcgOC4wNjQgNzkuNTk1IDI3LjY3Yy0zMS43NjYgMjYuODg5LTcxLjYyMSA0MS41NDUtMTEzLjYwNSA0MS41NDV6bS01MS4zMTUtMTM4LjMwOGMtMTEuMzIzLTE3LjUzMy0xOC4yODktNDAuNzg5LTE4LjI4OS02Ni4zNTQgMC01NC4zNDggMzEuMjIyLTk4LjU1OSA2OS42MDUtOTguNTU5czY5LjYwNSA0NC4yMTEgNjkuNjA1IDk4LjU1OWMwIDI1LjU1Ni02Ljk1OCA0OC43ODgtMTguMjY1IDY2LjMyMS00LjI1OSA2LjYwOS05LjEzNyAxMi4zOC0xNC41MTggMTcuMTU5LTEwLjY4OSA5LjQ5NC0yMy4yODggMTUuMDctMzYuODE0IDE1LjA3cy0yNi4xMjUtNS41ODQtMzYuODE0LTE1LjA3Yy01LjM5LTQuNzcxLTEwLjI1MS0xMC41MzQtMTQuNTEtMTcuMTI2em0xNzguMyA4NC4yMTJsLTc1LjY1My0yNi4zMnYtMzIuNDMzYzIwLjkwNy0yMC45NjQgMzQuNTIyLTU0LjI1OCAzNC41MjItOTEuODEyIDAtNjMuMzEzLTM4LjUxMy0xMTQuODE2LTg1Ljg2Mi0xMTQuODE2UzEwNi41OSAxMDAuNjk3IDEwNi41OSAxNjQuMDFjMCAzNy41NjIgMTMuNjIzIDcwLjg4MSAzNC41NDYgOTEuODM3djMxLjc0MmwtNzYuMTY1IDI2LjQ5OWMtMzEuNDY2LTMyLjkyOS00OC43MjMtNzUuOTIxLTQ4LjcyMy0xMjEuNjIgMC05Ny4xNjEgNzkuMDUtMTc2LjIwMyAxNzYuMjAzLTE3Ni4yMDNzMTc2LjE5NSA3OS4wNDIgMTc2LjE5NSAxNzYuMjAzYy4wMDkgNDUuOTUxLTE3LjQxOCA4OS4wOTgtNDkuMjAxIDEyMi4xMDh6Ii8+PC9zdmc+"
  />
</div>
`;

exports[`Avatar w/ valign: center 1`] = `
<div
  class="Avatarstyles__Box-sc-1gv1068-0 kbavwE"
>
  M
  <div
    class="Avatarstyles__ImageLayer-sc-1gv1068-1 caajho"
    src="data:image/svg;base64,PHN2ZyB4bWxucz0iaHR0cDovL3d3dy53My5vcmcvMjAwMC9zdmciIHZpZXdCb3g9IjAgMCAzODQuOTEyIDM4NC45MTIiPjxkZWZzLz48cGF0aCBmaWxsPSIjMDEwMDAyIiBkPSJNMzg0LjkxMiAxOTIuNDZDMzg0LjkxMiA4Ni4zNDIgMjk4LjU3OSAwIDE5Mi40NiAwIDg2LjMzNCAwIDAgODYuMzQyIDAgMTkyLjQ2YzAgNDcuNDQ3IDE3LjA4NiA5Mi4yMTEgNDguMjg0IDEyNy4zOTlsLS40OTYuMTcxIDkuMjY3IDkuMTY5IDMuNjAxIDMuNTYuMTMtLjA0OWMzNS44MjMgMzMuNjc3IDgyLjM1MSA1Mi4yMDIgMTMxLjY3NSA1Mi4yMDIgNDguOTk5IDAgOTUuMjQzLTE4LjQzNiAxMzAuOTg0LTUxLjc0NmwuMjYuMDg5IDMuNTkzLTMuNTM2IDkuMzQtOS4xNzctLjUwNC0uMTcxYzMxLjUyMS0zNS4yNTMgNDguNzc4LTgwLjE4OCA0OC43NzgtMTI3LjkxMXpNMTkyLjQ2IDM2OC42NzJjLTQyLjI3NyAwLTgyLjMzNC0xNC44MjctMTE0LjE5LTQyLjAxN2w4MC4wMDEtMjcuODMyLS41NDUtNi4yOTJjLS4wNDktLjYwMi0uMTMtMS4xODctLjIwMy0xLjc4OC0uMDU3LS4zOTgtLjEzOC0uODEzLS4xMzgtMS4yMTF2LTIwLjgzNGMxMC43MjIgNi40NDYgMjIuNTczIDEwLjEyIDM1LjA2NyAxMC4xMiAxMi41MDIgMCAyNC4zNDUtMy42NzQgMzUuMDY3LTEwLjEydjIwLjgzNGMwIC42MzQtLjEwNiAxLjI0NC0uMTc5IDEuODYxbC0uODcgOC4wNjQgNzkuNTk1IDI3LjY3Yy0zMS43NjYgMjYuODg5LTcxLjYyMSA0MS41NDUtMTEzLjYwNSA0MS41NDV6bS01MS4zMTUtMTM4LjMwOGMtMTEuMzIzLTE3LjUzMy0xOC4yODktNDAuNzg5LTE4LjI4OS02Ni4zNTQgMC01NC4zNDggMzEuMjIyLTk4LjU1OSA2OS42MDUtOTguNTU5czY5LjYwNSA0NC4yMTEgNjkuNjA1IDk4LjU1OWMwIDI1LjU1Ni02Ljk1OCA0OC43ODgtMTguMjY1IDY2LjMyMS00LjI1OSA2LjYwOS05LjEzNyAxMi4zOC0xNC41MTggMTcuMTU5LTEwLjY4OSA5LjQ5NC0yMy4yODggMTUuMDctMzYuODE0IDE1LjA3cy0yNi4xMjUtNS41ODQtMzYuODE0LTE1LjA3Yy01LjM5LTQuNzcxLTEwLjI1MS0xMC41MzQtMTQuNTEtMTcuMTI2em0xNzguMyA4NC4yMTJsLTc1LjY1My0yNi4zMnYtMzIuNDMzYzIwLjkwNy0yMC45NjQgMzQuNTIyLTU0LjI1OCAzNC41MjItOTEuODEyIDAtNjMuMzEzLTM4LjUxMy0xMTQuODE2LTg1Ljg2Mi0xMTQuODE2UzEwNi41OSAxMDAuNjk3IDEwNi41OSAxNjQuMDFjMCAzNy41NjIgMTMuNjIzIDcwLjg4MSAzNC41NDYgOTEuODM3djMxLjc0MmwtNzYuMTY1IDI2LjQ5OWMtMzEuNDY2LTMyLjkyOS00OC43MjMtNzUuOTIxLTQ4LjcyMy0xMjEuNjIgMC05Ny4xNjEgNzkuMDUtMTc2LjIwMyAxNzYuMjAzLTE3Ni4yMDNzMTc2LjE5NSA3OS4wNDIgMTc2LjE5NSAxNzYuMjAzYy4wMDkgNDUuOTUxLTE3LjQxOCA4OS4wOTgtNDkuMjAxIDEyMi4xMDh6Ii8+PC9zdmc+"
  />
</div>
`;

exports[`Avatar w/ valign: top 1`] = `
<div
  class="Avatarstyles__Box-sc-1gv1068-0 kbavwE"
>
  M
  <div
    class="Avatarstyles__ImageLayer-sc-1gv1068-1 duWLSd"
    src="data:image/svg;base64,PHN2ZyB4bWxucz0iaHR0cDovL3d3dy53My5vcmcvMjAwMC9zdmciIHZpZXdCb3g9IjAgMCAzODQuOTEyIDM4NC45MTIiPjxkZWZzLz48cGF0aCBmaWxsPSIjMDEwMDAyIiBkPSJNMzg0LjkxMiAxOTIuNDZDMzg0LjkxMiA4Ni4zNDIgMjk4LjU3OSAwIDE5Mi40NiAwIDg2LjMzNCAwIDAgODYuMzQyIDAgMTkyLjQ2YzAgNDcuNDQ3IDE3LjA4NiA5Mi4yMTEgNDguMjg0IDEyNy4zOTlsLS40OTYuMTcxIDkuMjY3IDkuMTY5IDMuNjAxIDMuNTYuMTMtLjA0OWMzNS44MjMgMzMuNjc3IDgyLjM1MSA1Mi4yMDIgMTMxLjY3NSA1Mi4yMDIgNDguOTk5IDAgOTUuMjQzLTE4LjQzNiAxMzAuOTg0LTUxLjc0NmwuMjYuMDg5IDMuNTkzLTMuNTM2IDkuMzQtOS4xNzctLjUwNC0uMTcxYzMxLjUyMS0zNS4yNTMgNDguNzc4LTgwLjE4OCA0OC43NzgtMTI3LjkxMXpNMTkyLjQ2IDM2OC42NzJjLTQyLjI3NyAwLTgyLjMzNC0xNC44MjctMTE0LjE5LTQyLjAxN2w4MC4wMDEtMjcuODMyLS41NDUtNi4yOTJjLS4wNDktLjYwMi0uMTMtMS4xODctLjIwMy0xLjc4OC0uMDU3LS4zOTgtLjEzOC0uODEzLS4xMzgtMS4yMTF2LTIwLjgzNGMxMC43MjIgNi40NDYgMjIuNTczIDEwLjEyIDM1LjA2NyAxMC4xMiAxMi41MDIgMCAyNC4zNDUtMy42NzQgMzUuMDY3LTEwLjEydjIwLjgzNGMwIC42MzQtLjEwNiAxLjI0NC0uMTc5IDEuODYxbC0uODcgOC4wNjQgNzkuNTk1IDI3LjY3Yy0zMS43NjYgMjYuODg5LTcxLjYyMSA0MS41NDUtMTEzLjYwNSA0MS41NDV6bS01MS4zMTUtMTM4LjMwOGMtMTEuMzIzLTE3LjUzMy0xOC4yODktNDAuNzg5LTE4LjI4OS02Ni4zNTQgMC01NC4zNDggMzEuMjIyLTk4LjU1OSA2OS42MDUtOTguNTU5czY5LjYwNSA0NC4yMTEgNjkuNjA1IDk4LjU1OWMwIDI1LjU1Ni02Ljk1OCA0OC43ODgtMTguMjY1IDY2LjMyMS00LjI1OSA2LjYwOS05LjEzNyAxMi4zOC0xNC41MTggMTcuMTU5LTEwLjY4OSA5LjQ5NC0yMy4yODggMTUuMDctMzYuODE0IDE1LjA3cy0yNi4xMjUtNS41ODQtMzYuODE0LTE1LjA3Yy01LjM5LTQuNzcxLTEwLjI1MS0xMC41MzQtMTQuNTEtMTcuMTI2em0xNzguMyA4NC4yMTJsLTc1LjY1My0yNi4zMnYtMzIuNDMzYzIwLjkwNy0yMC45NjQgMzQuNTIyLTU0LjI1OCAzNC41MjItOTEuODEyIDAtNjMuMzEzLTM4LjUxMy0xMTQuODE2LTg1Ljg2Mi0xMTQuODE2UzEwNi41OSAxMDAuNjk3IDEwNi41OSAxNjQuMDFjMCAzNy41NjIgMTMuNjIzIDcwLjg4MSAzNC41NDYgOTEuODM3djMxLjc0MmwtNzYuMTY1IDI2LjQ5OWMtMzEuNDY2LTMyLjkyOS00OC43MjMtNzUuOTIxLTQ4LjcyMy0xMjEuNjIgMC05Ny4xNjEgNzkuMDUtMTc2LjIwMyAxNzYuMjAzLTE3Ni4yMDNzMTc2LjE5NSA3OS4wNDIgMTc2LjE5NSAxNzYuMjAzYy4wMDkgNDUuOTUxLTE3LjQxOCA4OS4wOTgtNDkuMjAxIDEyMi4xMDh6Ii8+PC9zdmc+"
  />
</div>
`;
