// Jest Snapshot v1, https://goo.gl/fbAQLP

exports[`Cleanup 1`] = `"<svg xmlns=\\"http://www.w3.org/2000/svg\\" width=\\"17\\" height=\\"17\\" fill=\\"none\\" viewBox=\\"0 0 17 17\\"><defs/><path fill=\\"#2B2D33\\" d=\\"M7.335 5.227h4.001V6.56h-4V5.227zM4.668 9.228h4.001V7.894H4.668v1.334zM8.67 11.895H7.334v-1.333H8.67v1.333zM4.668 11.895h1.334v-1.333H4.668v1.333zM4.668 5.227h1.334V6.56H4.668V5.227zM10.003 9.228h1.333V7.894h-1.333v1.334z\\"/><path fill=\\"#2B2D33\\" fill-rule=\\"evenodd\\" d=\\"M2.667 1.892c-.736 0-1.333.598-1.333 1.334v10.67c0 .736.597 1.334 1.333 1.334h10.67c.737 0 1.334-.598 1.334-1.334V3.226c0-.736-.597-1.334-1.334-1.334H2.667zm10.67 1.334H2.667v10.67h10.67V3.226z\\" clip-rule=\\"evenodd\\"/></svg>"`;
