// Jest Snapshot v1, https://goo.gl/fbAQLP

exports[`Badge 1`] = `
<span
  class="Badgestyles__Box-i62nwy-0 crjkvJ"
  color="paris10"
>
  <span
    class="Badgestyles__Item-i62nwy-1 hejroX"
  >
    Badge text
  </span>
</span>
`;

exports[`Badge as link 1`] = `
<a
  class="Badgestyles__Box-i62nwy-0 iDgGPd"
  color="paris10"
  href="https://raif.ru"
  rel="noopener"
  target="_blank"
>
  <span
    class="Badgestyles__Item-i62nwy-1 hejroX"
  >
    Badge text
  </span>
</a>
`;

exports[`Badge w/ any props 1`] = `
<span
  class="Badgestyles__Box-i62nwy-0 iDgGPd className"
  color="paris10"
  id="id"
  title="title"
>
  <span
    class="Badgestyles__Item-i62nwy-1 hejroX"
  >
    Badge text
  </span>
</span>
`;

exports[`Badge w/ color and icon: dubai10 1`] = `
<span
  class="Badgestyles__Box-i62nwy-0 eRuvWB"
  color="dubai10"
>
  <span
    class="Badgestyles__Item-i62nwy-1 hejroX"
  >
    <svg
      fill="currentColor"
      height="16"
      viewBox="0 0 24 24"
      width="16"
      xmlns="http://www.w3.org/2000/svg"
    >
      <defs />
      <path
        clip-rule="evenodd"
        d="M8.818 4.002C10.156 2.72 11.971 2 13.864 2c1.893 0 3.708.72 5.046 2.002C20.248 5.283 21 7.022 21 8.834c0 1.813-.752 3.551-2.09 4.833l-7.209 6.903A5.214 5.214 0 018.098 22a5.214 5.214 0 01-3.604-1.43A4.78 4.78 0 013 17.118c0-1.294.537-2.536 1.493-3.451L11.7 6.763a3.128 3.128 0 012.163-.858c.811 0 1.589.309 2.162.858.574.55.896 1.294.896 2.071 0 .777-.322 1.522-.895 2.071L8.818 17.81l-1.442-1.38 7.209-6.904a.956.956 0 00.298-.69.956.956 0 00-.298-.691 1.043 1.043 0 00-.721-.286c-.27 0-.53.103-.72.286l-7.21 6.903a2.867 2.867 0 00-.895 2.071c0 .777.322 1.522.896 2.072a3.127 3.127 0 002.162.857c.811 0 1.59-.308 2.163-.857l7.208-6.904a4.78 4.78 0 001.493-3.452 4.78 4.78 0 00-1.493-3.452 5.214 5.214 0 00-3.604-1.43 5.214 5.214 0 00-3.604 1.43l-5.767 5.523-1.442-1.38 5.767-5.523z"
        fill-rule="evenodd"
      />
    </svg>
  </span>
  <span
    class="Badgestyles__Item-i62nwy-1 hejroX"
  >
     Badge text
  </span>
</span>
`;

exports[`Badge w/ color and icon: dubai30 1`] = `
<span
  class="Badgestyles__Box-i62nwy-0 ijNCrA"
  color="dubai30"
>
  <span
    class="Badgestyles__Item-i62nwy-1 hejroX"
  >
    <svg
      fill="currentColor"
      height="16"
      viewBox="0 0 24 24"
      width="16"
      xmlns="http://www.w3.org/2000/svg"
    >
      <defs />
      <path
        clip-rule="evenodd"
        d="M8.818 4.002C10.156 2.72 11.971 2 13.864 2c1.893 0 3.708.72 5.046 2.002C20.248 5.283 21 7.022 21 8.834c0 1.813-.752 3.551-2.09 4.833l-7.209 6.903A5.214 5.214 0 018.098 22a5.214 5.214 0 01-3.604-1.43A4.78 4.78 0 013 17.118c0-1.294.537-2.536 1.493-3.451L11.7 6.763a3.128 3.128 0 012.163-.858c.811 0 1.589.309 2.162.858.574.55.896 1.294.896 2.071 0 .777-.322 1.522-.895 2.071L8.818 17.81l-1.442-1.38 7.209-6.904a.956.956 0 00.298-.69.956.956 0 00-.298-.691 1.043 1.043 0 00-.721-.286c-.27 0-.53.103-.72.286l-7.21 6.903a2.867 2.867 0 00-.895 2.071c0 .777.322 1.522.896 2.072a3.127 3.127 0 002.162.857c.811 0 1.59-.308 2.163-.857l7.208-6.904a4.78 4.78 0 001.493-3.452 4.78 4.78 0 00-1.493-3.452 5.214 5.214 0 00-3.604-1.43 5.214 5.214 0 00-3.604 1.43l-5.767 5.523-1.442-1.38 5.767-5.523z"
        fill-rule="evenodd"
      />
    </svg>
  </span>
  <span
    class="Badgestyles__Item-i62nwy-1 hejroX"
  >
     Badge text
  </span>
</span>
`;

exports[`Badge w/ color and icon: miami10 1`] = `
<span
  class="Badgestyles__Box-i62nwy-0 clLtiQ"
  color="miami10"
>
  <span
    class="Badgestyles__Item-i62nwy-1 hejroX"
  >
    <svg
      fill="currentColor"
      height="16"
      viewBox="0 0 24 24"
      width="16"
      xmlns="http://www.w3.org/2000/svg"
    >
      <defs />
      <path
        clip-rule="evenodd"
        d="M8.818 4.002C10.156 2.72 11.971 2 13.864 2c1.893 0 3.708.72 5.046 2.002C20.248 5.283 21 7.022 21 8.834c0 1.813-.752 3.551-2.09 4.833l-7.209 6.903A5.214 5.214 0 018.098 22a5.214 5.214 0 01-3.604-1.43A4.78 4.78 0 013 17.118c0-1.294.537-2.536 1.493-3.451L11.7 6.763a3.128 3.128 0 012.163-.858c.811 0 1.589.309 2.162.858.574.55.896 1.294.896 2.071 0 .777-.322 1.522-.895 2.071L8.818 17.81l-1.442-1.38 7.209-6.904a.956.956 0 00.298-.69.956.956 0 00-.298-.691 1.043 1.043 0 00-.721-.286c-.27 0-.53.103-.72.286l-7.21 6.903a2.867 2.867 0 00-.895 2.071c0 .777.322 1.522.896 2.072a3.127 3.127 0 002.162.857c.811 0 1.59-.308 2.163-.857l7.208-6.904a4.78 4.78 0 001.493-3.452 4.78 4.78 0 00-1.493-3.452 5.214 5.214 0 00-3.604-1.43 5.214 5.214 0 00-3.604 1.43l-5.767 5.523-1.442-1.38 5.767-5.523z"
        fill-rule="evenodd"
      />
    </svg>
  </span>
  <span
    class="Badgestyles__Item-i62nwy-1 hejroX"
  >
     Badge text
  </span>
</span>
`;

exports[`Badge w/ color and icon: miami30 1`] = `
<span
  class="Badgestyles__Box-i62nwy-0 dNQYUY"
  color="miami30"
>
  <span
    class="Badgestyles__Item-i62nwy-1 hejroX"
  >
    <svg
      fill="currentColor"
      height="16"
      viewBox="0 0 24 24"
      width="16"
      xmlns="http://www.w3.org/2000/svg"
    >
      <defs />
      <path
        clip-rule="evenodd"
        d="M8.818 4.002C10.156 2.72 11.971 2 13.864 2c1.893 0 3.708.72 5.046 2.002C20.248 5.283 21 7.022 21 8.834c0 1.813-.752 3.551-2.09 4.833l-7.209 6.903A5.214 5.214 0 018.098 22a5.214 5.214 0 01-3.604-1.43A4.78 4.78 0 013 17.118c0-1.294.537-2.536 1.493-3.451L11.7 6.763a3.128 3.128 0 012.163-.858c.811 0 1.589.309 2.162.858.574.55.896 1.294.896 2.071 0 .777-.322 1.522-.895 2.071L8.818 17.81l-1.442-1.38 7.209-6.904a.956.956 0 00.298-.69.956.956 0 00-.298-.691 1.043 1.043 0 00-.721-.286c-.27 0-.53.103-.72.286l-7.21 6.903a2.867 2.867 0 00-.895 2.071c0 .777.322 1.522.896 2.072a3.127 3.127 0 002.162.857c.811 0 1.59-.308 2.163-.857l7.208-6.904a4.78 4.78 0 001.493-3.452 4.78 4.78 0 00-1.493-3.452 5.214 5.214 0 00-3.604-1.43 5.214 5.214 0 00-3.604 1.43l-5.767 5.523-1.442-1.38 5.767-5.523z"
        fill-rule="evenodd"
      />
    </svg>
  </span>
  <span
    class="Badgestyles__Item-i62nwy-1 hejroX"
  >
     Badge text
  </span>
</span>
`;

exports[`Badge w/ color and icon: nice10 1`] = `
<span
  class="Badgestyles__Box-i62nwy-0 dBluzq"
  color="nice10"
>
  <span
    class="Badgestyles__Item-i62nwy-1 hejroX"
  >
    <svg
      fill="currentColor"
      height="16"
      viewBox="0 0 24 24"
      width="16"
      xmlns="http://www.w3.org/2000/svg"
    >
      <defs />
      <path
        clip-rule="evenodd"
        d="M8.818 4.002C10.156 2.72 11.971 2 13.864 2c1.893 0 3.708.72 5.046 2.002C20.248 5.283 21 7.022 21 8.834c0 1.813-.752 3.551-2.09 4.833l-7.209 6.903A5.214 5.214 0 018.098 22a5.214 5.214 0 01-3.604-1.43A4.78 4.78 0 013 17.118c0-1.294.537-2.536 1.493-3.451L11.7 6.763a3.128 3.128 0 012.163-.858c.811 0 1.589.309 2.162.858.574.55.896 1.294.896 2.071 0 .777-.322 1.522-.895 2.071L8.818 17.81l-1.442-1.38 7.209-6.904a.956.956 0 00.298-.69.956.956 0 00-.298-.691 1.043 1.043 0 00-.721-.286c-.27 0-.53.103-.72.286l-7.21 6.903a2.867 2.867 0 00-.895 2.071c0 .777.322 1.522.896 2.072a3.127 3.127 0 002.162.857c.811 0 1.59-.308 2.163-.857l7.208-6.904a4.78 4.78 0 001.493-3.452 4.78 4.78 0 00-1.493-3.452 5.214 5.214 0 00-3.604-1.43 5.214 5.214 0 00-3.604 1.43l-5.767 5.523-1.442-1.38 5.767-5.523z"
        fill-rule="evenodd"
      />
    </svg>
  </span>
  <span
    class="Badgestyles__Item-i62nwy-1 hejroX"
  >
     Badge text
  </span>
</span>
`;

exports[`Badge w/ color and icon: nice30 1`] = `
<span
  class="Badgestyles__Box-i62nwy-0 dPYEWN"
  color="nice30"
>
  <span
    class="Badgestyles__Item-i62nwy-1 hejroX"
  >
    <svg
      fill="currentColor"
      height="16"
      viewBox="0 0 24 24"
      width="16"
      xmlns="http://www.w3.org/2000/svg"
    >
      <defs />
      <path
        clip-rule="evenodd"
        d="M8.818 4.002C10.156 2.72 11.971 2 13.864 2c1.893 0 3.708.72 5.046 2.002C20.248 5.283 21 7.022 21 8.834c0 1.813-.752 3.551-2.09 4.833l-7.209 6.903A5.214 5.214 0 018.098 22a5.214 5.214 0 01-3.604-1.43A4.78 4.78 0 013 17.118c0-1.294.537-2.536 1.493-3.451L11.7 6.763a3.128 3.128 0 012.163-.858c.811 0 1.589.309 2.162.858.574.55.896 1.294.896 2.071 0 .777-.322 1.522-.895 2.071L8.818 17.81l-1.442-1.38 7.209-6.904a.956.956 0 00.298-.69.956.956 0 00-.298-.691 1.043 1.043 0 00-.721-.286c-.27 0-.53.103-.72.286l-7.21 6.903a2.867 2.867 0 00-.895 2.071c0 .777.322 1.522.896 2.072a3.127 3.127 0 002.162.857c.811 0 1.59-.308 2.163-.857l7.208-6.904a4.78 4.78 0 001.493-3.452 4.78 4.78 0 00-1.493-3.452 5.214 5.214 0 00-3.604-1.43 5.214 5.214 0 00-3.604 1.43l-5.767 5.523-1.442-1.38 5.767-5.523z"
        fill-rule="evenodd"
      />
    </svg>
  </span>
  <span
    class="Badgestyles__Item-i62nwy-1 hejroX"
  >
     Badge text
  </span>
</span>
`;

exports[`Badge w/ color and icon: paris10 1`] = `
<span
  class="Badgestyles__Box-i62nwy-0 crjkvJ"
  color="paris10"
>
  <span
    class="Badgestyles__Item-i62nwy-1 hejroX"
  >
    <svg
      fill="currentColor"
      height="16"
      viewBox="0 0 24 24"
      width="16"
      xmlns="http://www.w3.org/2000/svg"
    >
      <defs />
      <path
        clip-rule="evenodd"
        d="M8.818 4.002C10.156 2.72 11.971 2 13.864 2c1.893 0 3.708.72 5.046 2.002C20.248 5.283 21 7.022 21 8.834c0 1.813-.752 3.551-2.09 4.833l-7.209 6.903A5.214 5.214 0 018.098 22a5.214 5.214 0 01-3.604-1.43A4.78 4.78 0 013 17.118c0-1.294.537-2.536 1.493-3.451L11.7 6.763a3.128 3.128 0 012.163-.858c.811 0 1.589.309 2.162.858.574.55.896 1.294.896 2.071 0 .777-.322 1.522-.895 2.071L8.818 17.81l-1.442-1.38 7.209-6.904a.956.956 0 00.298-.69.956.956 0 00-.298-.691 1.043 1.043 0 00-.721-.286c-.27 0-.53.103-.72.286l-7.21 6.903a2.867 2.867 0 00-.895 2.071c0 .777.322 1.522.896 2.072a3.127 3.127 0 002.162.857c.811 0 1.59-.308 2.163-.857l7.208-6.904a4.78 4.78 0 001.493-3.452 4.78 4.78 0 00-1.493-3.452 5.214 5.214 0 00-3.604-1.43 5.214 5.214 0 00-3.604 1.43l-5.767 5.523-1.442-1.38 5.767-5.523z"
        fill-rule="evenodd"
      />
    </svg>
  </span>
  <span
    class="Badgestyles__Item-i62nwy-1 hejroX"
  >
     Badge text
  </span>
</span>
`;

exports[`Badge w/ color and icon: paris30 1`] = `
<span
  class="Badgestyles__Box-i62nwy-0 kdtpfY"
  color="paris30"
>
  <span
    class="Badgestyles__Item-i62nwy-1 hejroX"
  >
    <svg
      fill="currentColor"
      height="16"
      viewBox="0 0 24 24"
      width="16"
      xmlns="http://www.w3.org/2000/svg"
    >
      <defs />
      <path
        clip-rule="evenodd"
        d="M8.818 4.002C10.156 2.72 11.971 2 13.864 2c1.893 0 3.708.72 5.046 2.002C20.248 5.283 21 7.022 21 8.834c0 1.813-.752 3.551-2.09 4.833l-7.209 6.903A5.214 5.214 0 018.098 22a5.214 5.214 0 01-3.604-1.43A4.78 4.78 0 013 17.118c0-1.294.537-2.536 1.493-3.451L11.7 6.763a3.128 3.128 0 012.163-.858c.811 0 1.589.309 2.162.858.574.55.896 1.294.896 2.071 0 .777-.322 1.522-.895 2.071L8.818 17.81l-1.442-1.38 7.209-6.904a.956.956 0 00.298-.69.956.956 0 00-.298-.691 1.043 1.043 0 00-.721-.286c-.27 0-.53.103-.72.286l-7.21 6.903a2.867 2.867 0 00-.895 2.071c0 .777.322 1.522.896 2.072a3.127 3.127 0 002.162.857c.811 0 1.59-.308 2.163-.857l7.208-6.904a4.78 4.78 0 001.493-3.452 4.78 4.78 0 00-1.493-3.452 5.214 5.214 0 00-3.604-1.43 5.214 5.214 0 00-3.604 1.43l-5.767 5.523-1.442-1.38 5.767-5.523z"
        fill-rule="evenodd"
      />
    </svg>
  </span>
  <span
    class="Badgestyles__Item-i62nwy-1 hejroX"
  >
     Badge text
  </span>
</span>
`;

exports[`Badge w/ color and icon: seattle05 1`] = `
<span
  class="Badgestyles__Box-i62nwy-0 hVCpvM"
  color="seattle05"
>
  <span
    class="Badgestyles__Item-i62nwy-1 hejroX"
  >
    <svg
      fill="currentColor"
      height="16"
      viewBox="0 0 24 24"
      width="16"
      xmlns="http://www.w3.org/2000/svg"
    >
      <defs />
      <path
        clip-rule="evenodd"
        d="M8.818 4.002C10.156 2.72 11.971 2 13.864 2c1.893 0 3.708.72 5.046 2.002C20.248 5.283 21 7.022 21 8.834c0 1.813-.752 3.551-2.09 4.833l-7.209 6.903A5.214 5.214 0 018.098 22a5.214 5.214 0 01-3.604-1.43A4.78 4.78 0 013 17.118c0-1.294.537-2.536 1.493-3.451L11.7 6.763a3.128 3.128 0 012.163-.858c.811 0 1.589.309 2.162.858.574.55.896 1.294.896 2.071 0 .777-.322 1.522-.895 2.071L8.818 17.81l-1.442-1.38 7.209-6.904a.956.956 0 00.298-.69.956.956 0 00-.298-.691 1.043 1.043 0 00-.721-.286c-.27 0-.53.103-.72.286l-7.21 6.903a2.867 2.867 0 00-.895 2.071c0 .777.322 1.522.896 2.072a3.127 3.127 0 002.162.857c.811 0 1.59-.308 2.163-.857l7.208-6.904a4.78 4.78 0 001.493-3.452 4.78 4.78 0 00-1.493-3.452 5.214 5.214 0 00-3.604-1.43 5.214 5.214 0 00-3.604 1.43l-5.767 5.523-1.442-1.38 5.767-5.523z"
        fill-rule="evenodd"
      />
    </svg>
  </span>
  <span
    class="Badgestyles__Item-i62nwy-1 hejroX"
  >
     Badge text
  </span>
</span>
`;

exports[`Badge w/ color and icon: seattle10 1`] = `
<span
  class="Badgestyles__Box-i62nwy-0 gWDZdS"
  color="seattle10"
>
  <span
    class="Badgestyles__Item-i62nwy-1 hejroX"
  >
    <svg
      fill="currentColor"
      height="16"
      viewBox="0 0 24 24"
      width="16"
      xmlns="http://www.w3.org/2000/svg"
    >
      <defs />
      <path
        clip-rule="evenodd"
        d="M8.818 4.002C10.156 2.72 11.971 2 13.864 2c1.893 0 3.708.72 5.046 2.002C20.248 5.283 21 7.022 21 8.834c0 1.813-.752 3.551-2.09 4.833l-7.209 6.903A5.214 5.214 0 018.098 22a5.214 5.214 0 01-3.604-1.43A4.78 4.78 0 013 17.118c0-1.294.537-2.536 1.493-3.451L11.7 6.763a3.128 3.128 0 012.163-.858c.811 0 1.589.309 2.162.858.574.55.896 1.294.896 2.071 0 .777-.322 1.522-.895 2.071L8.818 17.81l-1.442-1.38 7.209-6.904a.956.956 0 00.298-.69.956.956 0 00-.298-.691 1.043 1.043 0 00-.721-.286c-.27 0-.53.103-.72.286l-7.21 6.903a2.867 2.867 0 00-.895 2.071c0 .777.322 1.522.896 2.072a3.127 3.127 0 002.162.857c.811 0 1.59-.308 2.163-.857l7.208-6.904a4.78 4.78 0 001.493-3.452 4.78 4.78 0 00-1.493-3.452 5.214 5.214 0 00-3.604-1.43 5.214 5.214 0 00-3.604 1.43l-5.767 5.523-1.442-1.38 5.767-5.523z"
        fill-rule="evenodd"
      />
    </svg>
  </span>
  <span
    class="Badgestyles__Item-i62nwy-1 hejroX"
  >
     Badge text
  </span>
</span>
`;

exports[`Badge w/ color: dubai10 1`] = `
<span
  class="Badgestyles__Box-i62nwy-0 eRuvWB"
  color="dubai10"
>
  <span
    class="Badgestyles__Item-i62nwy-1 hejroX"
  >
    Badge text
  </span>
</span>
`;

exports[`Badge w/ color: dubai30 1`] = `
<span
  class="Badgestyles__Box-i62nwy-0 ijNCrA"
  color="dubai30"
>
  <span
    class="Badgestyles__Item-i62nwy-1 hejroX"
  >
    Badge text
  </span>
</span>
`;

exports[`Badge w/ color: miami10 1`] = `
<span
  class="Badgestyles__Box-i62nwy-0 clLtiQ"
  color="miami10"
>
  <span
    class="Badgestyles__Item-i62nwy-1 hejroX"
  >
    Badge text
  </span>
</span>
`;

exports[`Badge w/ color: miami30 1`] = `
<span
  class="Badgestyles__Box-i62nwy-0 dNQYUY"
  color="miami30"
>
  <span
    class="Badgestyles__Item-i62nwy-1 hejroX"
  >
    Badge text
  </span>
</span>
`;

exports[`Badge w/ color: nice10 1`] = `
<span
  class="Badgestyles__Box-i62nwy-0 dBluzq"
  color="nice10"
>
  <span
    class="Badgestyles__Item-i62nwy-1 hejroX"
  >
    Badge text
  </span>
</span>
`;

exports[`Badge w/ color: nice30 1`] = `
<span
  class="Badgestyles__Box-i62nwy-0 dPYEWN"
  color="nice30"
>
  <span
    class="Badgestyles__Item-i62nwy-1 hejroX"
  >
    Badge text
  </span>
</span>
`;

exports[`Badge w/ color: paris10 1`] = `
<span
  class="Badgestyles__Box-i62nwy-0 crjkvJ"
  color="paris10"
>
  <span
    class="Badgestyles__Item-i62nwy-1 hejroX"
  >
    Badge text
  </span>
</span>
`;

exports[`Badge w/ color: paris30 1`] = `
<span
  class="Badgestyles__Box-i62nwy-0 kdtpfY"
  color="paris30"
>
  <span
    class="Badgestyles__Item-i62nwy-1 hejroX"
  >
    Badge text
  </span>
</span>
`;

exports[`Badge w/ color: seattle05 1`] = `
<span
  class="Badgestyles__Box-i62nwy-0 hVCpvM"
  color="seattle05"
>
  <span
    class="Badgestyles__Item-i62nwy-1 hejroX"
  >
    Badge text
  </span>
</span>
`;

exports[`Badge w/ color: seattle10 1`] = `
<span
  class="Badgestyles__Box-i62nwy-0 gWDZdS"
  color="seattle10"
>
  <span
    class="Badgestyles__Item-i62nwy-1 hejroX"
  >
    Badge text
  </span>
</span>
`;

exports[`Badge w/ grid: g0 1`] = `
<span
  class="Badgestyles__Box-i62nwy-0 iTePON"
  color="paris10"
>
  <span
    class="Badgestyles__Item-i62nwy-1 hejroX"
  >
    Badge text
  </span>
</span>
`;

exports[`Badge w/ grid: g1 1`] = `
<span
  class="Badgestyles__Box-i62nwy-0 hkXTcV"
  color="paris10"
>
  <span
    class="Badgestyles__Item-i62nwy-1 hejroX"
  >
    Badge text
  </span>
</span>
`;

exports[`Badge w/ grid: g2 1`] = `
<span
  class="Badgestyles__Box-i62nwy-0 hEOtpy"
  color="paris10"
>
  <span
    class="Badgestyles__Item-i62nwy-1 hejroX"
  >
    Badge text
  </span>
</span>
`;

exports[`Badge w/ grid: g3 1`] = `
<span
  class="Badgestyles__Box-i62nwy-0 dExUxw"
  color="paris10"
>
  <span
    class="Badgestyles__Item-i62nwy-1 hejroX"
  >
    Badge text
  </span>
</span>
`;

exports[`Badge w/ grid: g4 1`] = `
<span
  class="Badgestyles__Box-i62nwy-0 kOFzVb"
  color="paris10"
>
  <span
    class="Badgestyles__Item-i62nwy-1 hejroX"
  >
    Badge text
  </span>
</span>
`;

exports[`Badge w/ grid: g5 1`] = `
<span
  class="Badgestyles__Box-i62nwy-0 eQpxzR"
  color="paris10"
>
  <span
    class="Badgestyles__Item-i62nwy-1 hejroX"
  >
    Badge text
  </span>
</span>
`;

exports[`Badge w/ grid: g6 1`] = `
<span
  class="Badgestyles__Box-i62nwy-0 eOtmOG"
  color="paris10"
>
  <span
    class="Badgestyles__Item-i62nwy-1 hejroX"
  >
    Badge text
  </span>
</span>
`;

exports[`Badge w/ grid: g7 1`] = `
<span
  class="Badgestyles__Box-i62nwy-0 cUUxZK"
  color="paris10"
>
  <span
    class="Badgestyles__Item-i62nwy-1 hejroX"
  >
    Badge text
  </span>
</span>
`;

exports[`Badge w/ grid: g8 1`] = `
<span
  class="Badgestyles__Box-i62nwy-0 fdJBCQ"
  color="paris10"
>
  <span
    class="Badgestyles__Item-i62nwy-1 hejroX"
  >
    Badge text
  </span>
</span>
`;

exports[`Badge w/ grid: g9 1`] = `
<span
  class="Badgestyles__Box-i62nwy-0 eQyGgV"
  color="paris10"
>
  <span
    class="Badgestyles__Item-i62nwy-1 hejroX"
  >
    Badge text
  </span>
</span>
`;

exports[`Badge w/ grid: g10 1`] = `
<span
  class="Badgestyles__Box-i62nwy-0 jBIfbd"
  color="paris10"
>
  <span
    class="Badgestyles__Item-i62nwy-1 hejroX"
  >
    Badge text
  </span>
</span>
`;

exports[`Badge w/ grid: g11 1`] = `
<span
  class="Badgestyles__Box-i62nwy-0 AqWMQ"
  color="paris10"
>
  <span
    class="Badgestyles__Item-i62nwy-1 hejroX"
  >
    Badge text
  </span>
</span>
`;

exports[`Badge w/ grid: g12 1`] = `
<span
  class="Badgestyles__Box-i62nwy-0 fVQyHG"
  color="paris10"
>
  <span
    class="Badgestyles__Item-i62nwy-1 hejroX"
  >
    Badge text
  </span>
</span>
`;

exports[`Badge w/ size: l 1`] = `
<span
  class="Badgestyles__Box-i62nwy-0 cDNMac"
  color="paris10"
>
  <span
    class="Badgestyles__Item-i62nwy-1 dmmzMn"
  >
    Badge text
  </span>
</span>
`;

exports[`Badge w/ size: m 1`] = `
<span
  class="Badgestyles__Box-i62nwy-0 crjkvJ"
  color="paris10"
>
  <span
    class="Badgestyles__Item-i62nwy-1 hejroX"
  >
    Badge text
  </span>
</span>
`;

exports[`Badge w/ size: s 1`] = `
<span
  class="Badgestyles__Box-i62nwy-0 gmEXPS"
  color="paris10"
>
  <span
    class="Badgestyles__Item-i62nwy-1 hejroX"
  >
    Badge text
  </span>
</span>
`;
