// Jest Snapshot v1, https://goo.gl/fbAQLP

exports[`Input 1`] = `
.c2 {
  position: relative;
  width: 100%;
  height: 100%;
  display: -webkit-box;
  display: -webkit-flex;
  display: -ms-flexbox;
  display: flex;
  -webkit-align-items: center;
  -webkit-box-align: center;
  -ms-flex-align: center;
  align-items: center;
  -webkit-box-pack: center;
  -webkit-justify-content: center;
  -ms-flex-pack: center;
  justify-content: center;
  line-height: normal;
}

.c3 {
  position: relative;
  padding: 0;
  font-family: 'ALS Hauss',Helvetica,'Helvetica New',Arial,sans-serif;
  font-stretch: normal;
  font-style: normal;
  -webkit-letter-spacing: normal;
  -moz-letter-spacing: normal;
  -ms-letter-spacing: normal;
  letter-spacing: normal;
  margin: 0;
  background-color: transparent;
  color: #2B2D33;
  border: none;
  outline: none;
  -webkit-transition: all .2s;
  transition: all .2s;
  box-sizing: border-box;
  width: 100%;
  height: 100%;
  font-size: 14px;
  line-height: 22px;
}

.c3::-webkit-input-placeholder {
  font-family: 'ALS Hauss',Helvetica,'Helvetica New',Arial,sans-serif;
  font-stretch: normal;
  font-style: normal;
  -webkit-letter-spacing: normal;
  -moz-letter-spacing: normal;
  -ms-letter-spacing: normal;
  letter-spacing: normal;
  margin: 0;
  width: 100%;
  color: #AAABAD;
  line-height: auto;
}

.c3::-moz-placeholder {
  font-family: 'ALS Hauss',Helvetica,'Helvetica New',Arial,sans-serif;
  font-stretch: normal;
  font-style: normal;
  -webkit-letter-spacing: normal;
  -moz-letter-spacing: normal;
  -ms-letter-spacing: normal;
  letter-spacing: normal;
  margin: 0;
  width: 100%;
  color: #AAABAD;
  line-height: auto;
}

.c3:-ms-input-placeholder {
  font-family: 'ALS Hauss',Helvetica,'Helvetica New',Arial,sans-serif;
  font-stretch: normal;
  font-style: normal;
  -webkit-letter-spacing: normal;
  -moz-letter-spacing: normal;
  -ms-letter-spacing: normal;
  letter-spacing: normal;
  margin: 0;
  width: 100%;
  color: #AAABAD;
  line-height: auto;
}

.c3::placeholder {
  font-family: 'ALS Hauss',Helvetica,'Helvetica New',Arial,sans-serif;
  font-stretch: normal;
  font-style: normal;
  -webkit-letter-spacing: normal;
  -moz-letter-spacing: normal;
  -ms-letter-spacing: normal;
  letter-spacing: normal;
  margin: 0;
  width: 100%;
  color: #AAABAD;
  line-height: auto;
}

.c3::-ms-clear,
.c3::-ms-reveal {
  display: none;
}

.c1 {
  width: 100%;
  color: #2B2D33;
}

.c1 > *,
.c1 input {
  color: #2B2D33;
}

.c0 {
  display: -webkit-box;
  display: -webkit-flex;
  display: -ms-flexbox;
  display: flex;
  -webkit-flex-direction: row;
  -ms-flex-direction: row;
  flex-direction: row;
  -webkit-align-items: center;
  -webkit-box-align: center;
  -ms-flex-align: center;
  align-items: center;
  -webkit-box-pack: center;
  -webkit-justify-content: center;
  -ms-flex-pack: center;
  justify-content: center;
  box-sizing: border-box;
  white-space: nowrap;
  overflow: hidden;
  background-color: #FFFFFF;
  -webkit-transition: all .2s;
  transition: all .2s;
  border-radius: 8px;
  width: 100%;
  color: #2B2D33;
  padding-left: 12px;
  padding-right: 12px;
  height: 40px;
  border: 1px solid #D5D5D6;
}

.c0:hover {
  border-color: #2B2D33;
  box-shadow: inset 0px 0px 0px 1px #2B2D33;
}

<div
  class="c0"
  data-marker="Input.InputWrapper"
>
  <div
    class="c1"
    data-marker="InputWrapper.Wrapped"
  >
    <div
      class="c2"
      data-marker="NativeInput.Box"
    >
      <input
        aria-invalid="false"
        class="c3"
        data-marker="Input"
      />
    </div>
  </div>
</div>
`;
