// Jest Snapshot v1, https://goo.gl/fbAQLP

exports[`Monthpicker 1`] = `
<div
  class="Monthpickerstyles__Box-sc-2myayb-0 jMyYmn"
>
  <div
    class="Monthpickerstyles__InputBox-sc-2myayb-1 cfspmU"
  >
    <label
      class="Inputstyles__Wrapper-hc8ttv-6 daAZxl"
    >
      <div
        class="Inputstyles__Wrapped-hc8ttv-5 lhoBGY"
      >
        <div
          class="Inputstyles__Box-hc8ttv-1 bzkyqR"
        >
          <input
            aria-invalid="false"
            class="Inputstyles__StyledInput-hc8ttv-2 bUBKOu"
            placeholder="Выберите месяц"
            value=""
          />
        </div>
      </div>
      <div
        class="Inputstyles__Postfix-hc8ttv-4 dvGfwK"
      >
        <svg
          fill="currentColor"
          height="20"
          viewBox="0 0 24 24"
          width="20"
          xmlns="http://www.w3.org/2000/svg"
        >
          <defs />
          <path
            d="M10 3v2h4V3h2v2h4a1 1 0 011 1v14a1 1 0 01-1 1H4a1 1 0 01-1-1V6a1 1 0 011-1h4V3h2zm8.999 10h-14L5 19h14l-.001-6zM16 15a1 1 0 110 2 1 1 0 010-2zM8 7H5l-.001 4h14L19 7h-3v2h-2V7h-4v2H8V7z"
          />
        </svg>
      </div>
    </label>
  </div>
</div>
`;
